Log file open, 11/05/25 15:14:09
LogICUInternationalization: OS requested locale 'ca_ES' is not supported. Using the OS requested language of 'ca-ES' as the locale.
LogICUInternationalization: ICU TimeZone Detection - Raw Offset: +1:00, Platform Override: ''
LogConfig: No local boot hotfix file found at: [/home/xavi/.config/Epic/CrashReportClient/Saved/PersistentDownloadDir/HotfixForNextBoot.txt]
LogInit: ExecutableName: CrashReportClientEditor
LogInit: Build: ++UE5+Release-5.6-CL-43139311
LogInit: Platform=Linux
LogInit: MachineId=0a0c047f9f824352ac6a88a2fbfab739-000003e8
LogInit: DeviceId=
LogInit: Engine Version: 5.6.0-43139311+++UE5+Release-5.6
LogInit: Compatible Engine Version: 5.6.0-43139311+++UE5+Release-5.6
LogInit: Net CL: 43139311
LogInit: OS: Linux Mint 22.1 (6.8.0-79-generic), CPU: AMD Ryzen 7 2700 Eight-Core Processor, GPU: NVIDIA GeForce RTX 3060 (NVIDIA UNIX Open Kernel Module for x86_64  575.64.03  Release Build  (dvs-builder@U22-I3-H04-03-5)  Wed Jun 25 18:17:57 UTC 2025)
LogInit: Compiled (64-bit): May 31 2025 16:35:11
LogInit: Architecture: x64
LogInit: Compiled with Clang: 18.1.0rc (github.com/llvm/llvm-project 461274b81d8641eab64d494accddc81d7db8a09e)
LogInit: Build Configuration: Shipping
LogInit: Branch Name: ++UE5+Release-5.6
LogInit: Command Line:  -Abslog="/home/xavi/Documents/GitHub/TFM_UT-HUB/PartyJungle/PartyJungle/Saved/Logs/PartyJungle-CRC.log" "/home/xavi/Documents/GitHub/TFM_UT-HUB/PartyJungle/PartyJungle/Saved/Crashes/crashinfo-PartyJungle-pid-502947-750EC962EB334FFAA95192EBE85B0BDC/"
LogInit: Base Directory: /home/xavi/Documents/Unreal/Engine/Binaries/Linux/
LogInit: Allocator: Mimalloc
LogInit: Installed Engine Build: 1
LogInit: This binary is optimized with LTO: no, PGO: no, instrumented for PGO data collection: no
LogInit: Presizing for max 2097152 objects, including 1 objects not considered by GC.
LogInit: Object subsystem initialized
LogConfig: Applying CVar settings from Section [ConsoleVariables] File [Engine]
[2025.11.05-14.14.09:428][  0]LogInit: Unix hardware info:
[2025.11.05-14.14.09:428][  0]LogInit:  - we are the first instance of this executable
[2025.11.05-14.14.09:428][  0]LogInit:  - this process' id (pid) is 503724, parent process' id (ppid) is 502947
[2025.11.05-14.14.09:428][  0]LogInit:  - we are not running under debugger
[2025.11.05-14.14.09:428][  0]LogInit:  - machine network name is 'xavi-MS-7C52'
[2025.11.05-14.14.09:429][  0]LogInit:  - user name is 'xavi' (xavi)
[2025.11.05-14.14.09:429][  0]LogInit:  - we're logged in locally
[2025.11.05-14.14.09:429][  0]LogInit:  - we're running with rendering
[2025.11.05-14.14.09:429][  0]LogInit:  - CPU: AuthenticAMD 'AMD Ryzen 7 2700 Eight-Core Processor' (signature: 0x800F82)
[2025.11.05-14.14.09:429][  0]LogInit:  - Number of physical cores available for the process: 8
[2025.11.05-14.14.09:429][  0]LogInit:  - Number of logical cores available for the process: 16
[2025.11.05-14.14.09:429][  0]LogInit:  - GPU Brand Info: NVIDIA GeForce RTX 3060 (NVIDIA UNIX Open Kernel Module for x86_64  575.64.03  Release Build  (dvs-builder@U22-I3-H04-03-5)  Wed Jun 25 18:17:57 UTC 2025)
[2025.11.05-14.14.09:429][  0]LogInit:  - Memory allocator used: Mimalloc
[2025.11.05-14.14.09:429][  0]LogInit:  - This is an internal build.
[2025.11.05-14.14.09:429][  0]LogCore: Skipped benchmarking clocks because the engine is running in a standalone program mode - CLOCK_MONOTONIC will be used.
[2025.11.05-14.14.09:429][  0]LogInit: Unix-specific commandline switches:
[2025.11.05-14.14.09:429][  0]LogInit:  -ansimalloc - use malloc()/free() from libc (useful for tools like valgrind and electric fence)
[2025.11.05-14.14.09:429][  0]LogInit:  -jemalloc - use jemalloc for all memory allocation
[2025.11.05-14.14.09:429][  0]LogInit:  -binnedmalloc - use binned malloc  for all memory allocation
[2025.11.05-14.14.09:429][  0]LogInit:  -filemapcachesize=NUMBER - set the size for case-sensitive file mapping cache
[2025.11.05-14.14.09:429][  0]LogInit:  -useksm - uses kernel same-page mapping (KSM) for mapped memory (OFF)
[2025.11.05-14.14.09:429][  0]LogInit:  -ksmmergeall - marks all mmap'd memory pages suitable for KSM (OFF)
[2025.11.05-14.14.09:429][  0]LogInit:  -preloadmodulesymbols - Loads the main module symbols file into memory (OFF)
[2025.11.05-14.14.09:429][  0]LogInit:  -sigdfl=SIGNAL - Allows a specific signal to be set to its default handler rather then ignoring the signal
[2025.11.05-14.14.09:429][  0]LogInit:  -crashhandlerstacksize - Allows setting crash handler stack sizes (204800)
[2025.11.05-14.14.09:429][  0]LogInit:  -noexclusivelockonwrite - disables marking files created by the engine as exclusive locked while the engine has them opened
[2025.11.05-14.14.09:429][  0]LogInit:  -httpproxy=ADDRESS:PORT - redirects HTTP requests to a proxy (only supported if compiled with libcurl)
[2025.11.05-14.14.09:429][  0]LogInit:  -reuseconn - allow libcurl to reuse HTTP connections (only matters if compiled with libcurl)
[2025.11.05-14.14.09:429][  0]LogInit:  -virtmemkb=NUMBER - sets process virtual memory (address space) limit (overrides VirtualMemoryLimitInKB value from .ini)
[2025.11.05-14.14.09:429][  0]LogInit:  -allowsyscallfilterfile=PATH_TO_FILE - sets up a system call filter allow list. any invalid syscall in this list *will* cause a crash
[2025.11.05-14.14.09:429][  0]LogInit:  - Physical RAM available (not considering process quota): 32 GB (32035 MB, 32804320 KB, 33591623680 bytes)
[2025.11.05-14.14.09:429][  0]LogInit:  - VirtualMemoryAllocator pools will grow at scale 1
[2025.11.05-14.14.09:429][  0]LogInit:  - MemoryRangeDecommit() will be a no-op (re-run with -vmapoolevict to change)
[2025.11.05-14.14.09:429][  0]LogInit:  - PageSize 4096
[2025.11.05-14.14.09:429][  0]LogInit:  - BinnedPageSize 65536
[2025.11.05-14.14.09:432][  0]LogUObjectArray: 552 objects as part of root set at end of initial load.
[2025.11.05-14.14.09:432][  0]LogUObjectArray: 0 objects are not in the root set, but can never be destroyed because they are in the DisregardForGC set.
[2025.11.05-14.14.09:432][  0]LogUObjectArray: CloseDisregardForGC: 552/552 objects in disregard for GC pool
[2025.11.05-14.14.09:433][  0]LogInit: Using OS detected language (ca-ES).
[2025.11.05-14.14.09:433][  0]LogInit: Using OS detected locale (ca-ES).
[2025.11.05-14.14.09:433][  0]LogTextLocalizationManager: No localization for 'ca-ES' exists, so 'en' will be used for the language.
[2025.11.05-14.14.09:433][  0]LogTextLocalizationManager: No localization for 'ca-ES' exists, so 'en' will be used for the locale.
[2025.11.05-14.14.09:476][  0]LogInit: Using OS detected language (ca-ES).
[2025.11.05-14.14.09:476][  0]LogInit: Using OS detected locale (ca-ES).
[2025.11.05-14.14.09:476][  0]LogTextLocalizationManager: No localization for 'ca-ES' exists, so 'en' will be used for the language.
[2025.11.05-14.14.09:476][  0]LogTextLocalizationManager: No localization for 'ca-ES' exists, so 'en' will be used for the locale.
[2025.11.05-14.14.09:476][  0]LogPackageLocalizationCache: Processed 2 localized package path(s) for 1 prioritized culture(s) in 0.000028 seconds
[2025.11.05-14.14.09:490][  0]LogInit: Using libcurl 8.12.1
[2025.11.05-14.14.09:490][  0]LogInit:  - built for x86_64-unknown-linux-gnu
[2025.11.05-14.14.09:490][  0]LogInit:  - supports SSL with OpenSSL/1.1.1t
[2025.11.05-14.14.09:490][  0]LogInit:  - supports HTTP deflate (compression) using libz 1.3
[2025.11.05-14.14.09:490][  0]LogInit:  - other features:
[2025.11.05-14.14.09:490][  0]LogInit:      CURL_VERSION_SSL
[2025.11.05-14.14.09:490][  0]LogInit:      CURL_VERSION_LIBZ
[2025.11.05-14.14.09:490][  0]LogInit:      CURL_VERSION_IPV6
[2025.11.05-14.14.09:490][  0]LogInit:      CURL_VERSION_ASYNCHDNS
[2025.11.05-14.14.09:490][  0]LogInit:      CURL_VERSION_LARGEFILE
[2025.11.05-14.14.09:490][  0]LogInit:      CURL_VERSION_TLSAUTH_SRP
[2025.11.05-14.14.09:490][  0]LogInit:      CURL_VERSION_HTTP2
[2025.11.05-14.14.09:490][  0]LogInit:  CurlRequestOptions (configurable via config and command line):
[2025.11.05-14.14.09:490][  0]LogInit:  - bVerifyPeer = false  - Libcurl will NOT verify peer certificate
[2025.11.05-14.14.09:490][  0]LogInit:  - bUseHttpProxy = false  - Libcurl will NOT use HTTP proxy
[2025.11.05-14.14.09:490][  0]LogInit:  - bDontReuseConnections = false  - Libcurl will reuse connections
[2025.11.05-14.14.09:490][  0]LogInit:  - MaxHostConnections = 16  - Libcurl will limit the number of connections to a host
[2025.11.05-14.14.09:490][  0]LogInit:  - LocalHostAddr = Default
[2025.11.05-14.14.09:490][  0]LogInit:  - BufferSize = 65536
[2025.11.05-14.14.09:490][  0]LogInit: CreateHttpThread using FCurlMultiPollEventLoopHttpThread
[2025.11.05-14.14.09:490][  0]LogInit: Creating http thread with maximum 256 concurrent requests
[2025.11.05-14.14.09:491][  0]LogAnalytics: Display: [CrashReporter.Release] AnalyticsET::StartSession ( APIServer = https://datarouter.ol.epicgames.com/datarouter/api/v1/public/data. AppVersion = ++UE5+Release-5.6-CL-43139311 )
[2025.11.05-14.14.09:492][  0]CrashReportCoreLog: Display: Applying project settings from '/home/xavi/Documents/GitHub/TFM_UT-HUB/PartyJungle/PartyJungle/Saved/Crashes/crashinfo-PartyJungle-pid-502947-750EC962EB334FFAA95192EBE85B0BDC/CrashReportClient.ini'.
[2025.11.05-14.14.09:492][  0]CrashReportCoreLog: CrashReportClientVersion=1.0
[2025.11.05-14.14.09:492][  0]CrashReportCoreLog: CrashReportReceiver disabled
[2025.11.05-14.14.09:492][  0]CrashReportCoreLog: DataRouterUrl: https://datarouter.ol.epicgames.com/datarouter/api/v1/public/data
[2025.11.05-14.14.09:493][  0]LogInit: Initializing SDL.
[2025.11.05-14.14.09:589][  0]LogInit: Initialized SDL 2.30.6 revision: SDL-2.30.6-no-vcs (compiled against 2.30.6)
[2025.11.05-14.14.09:589][  0]LogInit: Using SDL video driver 'x11'
[2025.11.05-14.14.09:593][  0]LogSlate: New Slate User Created. Platform User Id 0, User Index 0, Is Virtual User: 0
[2025.11.05-14.14.09:593][  0]LogSlate: Slate User Registered.  User Index 0, Is Virtual User: 0
[2025.11.05-14.14.09:593][  0]LogSlate: Using FreeType 2.10.0
[2025.11.05-14.14.09:594][  0]LogSlate: SlateFontServices - WITH_FREETYPE: 1, WITH_HARFBUZZ: 1
[2025.11.05-14.14.09:594][  0]LogInit: Using SDL_WINDOW_OPENGL
[2025.11.05-14.14.09:786][  0]LogInit: FSlateOpenGLContext::Initialize - creating OpenGL 2.1 context
[2025.11.05-14.14.09:814][  0]LogStreaming: Warning: Failed to read file '../../../Engine/Platforms/VisionOS/Content/Editor/Slate/Launcher/Platform_VisionOS_24x.png' error.
[2025.11.05-14.14.09:814][  0]LogSlateOpenGL: Could not find file for Slate texture: [../../../Engine/Platforms/VisionOS/Content/Editor/Slate/Launcher/Platform_VisionOS_24x.png] '../../../Engine/Platforms/VisionOS/Content/Editor/Slate/Launcher/Platform_VisionOS_24x.png'
[2025.11.05-14.14.09:814][  0]LogStreaming: Warning: Failed to read file '../../../Engine/Platforms/VisionOS/Content/Editor/Slate/Launcher/Platform_VisionOS_128x.png' error.
[2025.11.05-14.14.09:814][  0]LogSlateOpenGL: Could not find file for Slate texture: [../../../Engine/Platforms/VisionOS/Content/Editor/Slate/Launcher/Platform_VisionOS_128x.png] '../../../Engine/Platforms/VisionOS/Content/Editor/Slate/Launcher/Platform_VisionOS_128x.png'
[2025.11.05-14.14.09:815][  0]LogStreaming: Warning: Failed to read file '../../../Engine/Platforms/VisionOS/Content/Editor/Slate/Launcher/Platform_VisionOS_128x.png' error.
[2025.11.05-14.14.09:815][  0]LogSlateOpenGL: Could not find file for Slate texture: [../../../Engine/Platforms/VisionOS/Content/Editor/Slate/Launcher/Platform_VisionOS_128x.png] '../../../Engine/Platforms/VisionOS/Content/Editor/Slate/Launcher/Platform_VisionOS_128x.png'
[2025.11.05-14.14.09:875][  0]CrashReportCoreLog: Initial state = Unknown UploadState value
[2025.11.05-14.14.09:875][  0]CrashReportCoreLog: Initial state = Unknown UploadState value
[2025.11.05-14.14.09:888][  0]LogInit: FSlateOpenGLContext::Initialize - creating OpenGL 2.1 context
[2025.11.05-14.14.09:906][  0]LogSlate: Took 0.000092 seconds to synchronously load lazily loaded font '../../../Engine/Content/Slate/Fonts/Roboto-Regular.ttf' (155K)
[2025.11.05-14.14.09:907][  0]LogSlate: Took 0.000093 seconds to synchronously load lazily loaded font '../../../Engine/Content/Slate/Fonts/Roboto-Bold.ttf' (160K)
[2025.11.05-14.14.09:911][  0]LogSlate: Took 0.000201 seconds to synchronously load lazily loaded font '../../../Engine/Content/Slate/Fonts/Roboto-Italic.ttf' (157K)
[2025.11.05-14.14.10:790][  0]LogInit: FSlateOpenGLContext::Initialize - creating OpenGL 2.1 context
[2025.11.05-14.14.12:738][  0]LogSlate: Request Window '' being destroyed
[2025.11.05-14.14.12:741][  0]LogSlate: Request Window 'PartyJungle Crash Reporter' being destroyed
[2025.11.05-14.14.12:741][  0]LogSlate: Window 'PartyJungle Crash Reporter' being destroyed
[2025.11.05-14.14.12:743][  0]LogCore: Engine exit requested (reason: OnRequestExit)
[2025.11.05-14.14.12:744][  0]CrashReportCoreLog: Final state (Receiver) = Ready
[2025.11.05-14.14.12:744][  0]CrashReportCoreLog: Final state (Receiver) = Unknown UploadState value
[2025.11.05-14.14.12:749][  0]LogSlate: Slate User Destroyed.  User Index 0, Is Virtual User: 0
[2025.11.05-14.14.12:749][  0]LogAnalytics: Display: [CrashReporter.Release] AnalyticsET::EndSession
[2025.11.05-14.14.12:749][  0]LogCore: Engine exit requested (reason: CrashReportClientApp RequestExit; note: exit was already requested)
[2025.11.05-14.14.12:749][  0]LogExit: Preparing to exit.
[2025.11.05-14.14.12:750][  0]LogExit: Object subsystem successfully closed.
[2025.11.05-14.14.12:750][  0]LogHttp: Warning: [FHttpManager::Shutdown] Unbinding delegates for 1 outstanding Http Requests:
[2025.11.05-14.14.12:750][  0]LogHttp: Warning: 	verb=[POST] url=[https://datarouter.ol.epicgames.com/datarouter/api/v1/public/data?SessionID=%7B0590D442-92E9-405B-BCCF-B654CB33CDE2%7D&AppID=CrashReporter.Release&AppVersion=%2B%2BUE5%2BRelease-5.6-CL-43139311&UserID=0a0c047f9f824352ac6a88a2fbfab739-000003e8%7C%7C0a0c047f9f824352ac6a88a2fbfab739&AppEnvironment=datacollector-binary&UploadType=eteventstream] refs=[2] status=Processing
[2025.11.05-14.14.12:750][  0]LogHttp: Warning: 	Sleeping 0.500s to wait for 1 outstanding Http Requests.
[2025.11.05-14.14.13:252][  0]LogPakFile: Destroying PakPlatformFile
[2025.11.05-14.14.13:252][  0]LogExit: Exiting.
[2025.11.05-14.14.13:252][  0]LogInit: Tearing down SDL.
[2025.11.05-14.14.13:281][  0]Log file closed, 11/05/25 15:14:13
