Log file open, 06/26/25 11:48:05
LogICUInternationalization: ICU TimeZone Detection - Raw Offset: +1:00, Platform Override: ''
LogConfig: No local boot hotfix file found at: [/home/xavi/.config/Epic/CrashReportClient/Saved/PersistentDownloadDir/HotfixForNextBoot.txt]
LogInit: ExecutableName: CrashReportClientEditor
LogInit: Build: ++UE5+Release-5.4-CL-35576357
LogInit: Platform=Linux
LogInit: MachineId=35c643f149ca4554bbf70321d2eee143-000003e8
LogInit: DeviceId=
LogInit: Engine Version: 5.4.4-35576357+++UE5+Release-5.4
LogInit: Compatible Engine Version: 5.4.0-33043543+++UE5+Release-5.4
LogInit: Net CL: 33043543
LogInit: OS: Linux Mint 22.1 (6.8.0-62-generic), CPU: AMD Ryzen 7 2700 Eight-Core Processor, GPU: NVIDIA GeForce GTX 1660 SUPER (NVIDIA UNIX x86_64 Kernel Module  550.144.03  Mon Dec 30 17:44:08 UTC 2024)
LogInit: Compiled (64-bit): Aug 16 2024 04:41:10
LogInit: Architecture: x64
LogInit: Compiled with Clang: 16.0.6 (github.com/llvm/llvm-project 7cbf1a2591520c2491aa35339f227775f4d3adf6)
LogInit: Build Configuration: Shipping
LogInit: Branch Name: ++UE5+Release-5.4
LogInit: Command Line:  -Abslog="/home/xavi/Documents/GitHub/TFM_UT-HUB/PartyJungle/PartyJungle/Saved/Logs/PartyJungle-CRC.log" "/home/xavi/Documents/GitHub/TFM_UT-HUB/PartyJungle/PartyJungle/Saved/Crashes/crashinfo-PartyJungle-pid-53299-60CE6CD1B2044D1C8FCEAC2A9E60187A/"
LogInit: Base Directory: /home/xavi/Documents/Unreal 4.4/Engine/Binaries/Linux/
LogInit: Allocator: Mimalloc
LogInit: Installed Engine Build: 1
LogInit: This binary is optimized with LTO: no, PGO: no, instrumented for PGO data collection: no
LogInit: Presizing for max 2097152 objects, including 1 objects not considered by GC, pre-allocating 0 bytes for permanent pool.
LogInit: Object subsystem initialized
[2025.06.26-09.48.05:878][  0]LogConfig: Applying CVar settings from Section [ConsoleVariables] File [Engine]
[2025.06.26-09.48.05:878][  0]LogConfig: Set CVar [[memory.MemoryPressureCriticalThresholdMB:512]]
[2025.06.26-09.48.05:878][  0]LogInit: Unix hardware info:
[2025.06.26-09.48.05:878][  0]LogInit:  - we are the first instance of this executable
[2025.06.26-09.48.05:878][  0]LogInit:  - this process' id (pid) is 53640, parent process' id (ppid) is 53299
[2025.06.26-09.48.05:878][  0]LogInit:  - we are not running under debugger
[2025.06.26-09.48.05:878][  0]LogInit:  - machine network name is 'xavi-MS-7C52'
[2025.06.26-09.48.05:878][  0]LogInit:  - user name is 'xavi' (xavi)
[2025.06.26-09.48.05:878][  0]LogInit:  - we're logged in locally
[2025.06.26-09.48.05:878][  0]LogInit:  - we're running with rendering
[2025.06.26-09.48.05:878][  0]LogInit:  - CPU: AuthenticAMD 'AMD Ryzen 7 2700 Eight-Core Processor' (signature: 0x800F82)
[2025.06.26-09.48.05:878][  0]LogInit:  - Number of physical cores available for the process: 8
[2025.06.26-09.48.05:878][  0]LogInit:  - Number of logical cores available for the process: 16
[2025.06.26-09.48.05:878][  0]LogInit:  - GPU Brand Info: NVIDIA GeForce GTX 1660 SUPER (NVIDIA UNIX x86_64 Kernel Module  550.144.03  Mon Dec 30 17:44:08 UTC 2024)
[2025.06.26-09.48.05:878][  0]LogInit:  - Memory allocator used: Mimalloc
[2025.06.26-09.48.05:878][  0]LogInit:  - This is an internal build.
[2025.06.26-09.48.05:878][  0]LogCore: Skipped benchmarking clocks because the engine is running in a standalone program mode - CLOCK_MONOTONIC will be used.
[2025.06.26-09.48.05:878][  0]LogInit: Unix-specific commandline switches:
[2025.06.26-09.48.05:878][  0]LogInit:  -ansimalloc - use malloc()/free() from libc (useful for tools like valgrind and electric fence)
[2025.06.26-09.48.05:878][  0]LogInit:  -jemalloc - use jemalloc for all memory allocation
[2025.06.26-09.48.05:878][  0]LogInit:  -binnedmalloc - use binned malloc  for all memory allocation
[2025.06.26-09.48.05:878][  0]LogInit:  -filemapcachesize=NUMBER - set the size for case-sensitive file mapping cache
[2025.06.26-09.48.05:878][  0]LogInit:  -useksm - uses kernel same-page mapping (KSM) for mapped memory (OFF)
[2025.06.26-09.48.05:878][  0]LogInit:  -ksmmergeall - marks all mmap'd memory pages suitable for KSM (OFF)
[2025.06.26-09.48.05:878][  0]LogInit:  -preloadmodulesymbols - Loads the main module symbols file into memory (OFF)
[2025.06.26-09.48.05:878][  0]LogInit:  -sigdfl=SIGNAL - Allows a specific signal to be set to its default handler rather then ignoring the signal
[2025.06.26-09.48.05:878][  0]LogInit:  -crashhandlerstacksize - Allows setting crash handler stack sizes (204800)
[2025.06.26-09.48.05:878][  0]LogInit:  -noexclusivelockonwrite - disables marking files created by the engine as exclusive locked while the engine has them opened
[2025.06.26-09.48.05:878][  0]LogInit:  -httpproxy=ADDRESS:PORT - redirects HTTP requests to a proxy (only supported if compiled with libcurl)
[2025.06.26-09.48.05:878][  0]LogInit:  -reuseconn - allow libcurl to reuse HTTP connections (only matters if compiled with libcurl)
[2025.06.26-09.48.05:878][  0]LogInit:  -virtmemkb=NUMBER - sets process virtual memory (address space) limit (overrides VirtualMemoryLimitInKB value from .ini)
[2025.06.26-09.48.05:878][  0]LogInit:  -allowsyscallfilterfile=PATH_TO_FILE - sets up a system call filter allow list. any invalid syscall in this list *will* cause a crash
[2025.06.26-09.48.05:878][  0]LogInit:  - Physical RAM available (not considering process quota): 32 GB (32035 MB, 32804336 KB, 33591640064 bytes)
[2025.06.26-09.48.05:878][  0]LogInit:  - VirtualMemoryAllocator pools will grow at scale 1
[2025.06.26-09.48.05:878][  0]LogInit:  - MemoryRangeDecommit() will be a no-op (re-run with -vmapoolevict to change)
[2025.06.26-09.48.05:878][  0]LogInit:  - PageSize 4096
[2025.06.26-09.48.05:878][  0]LogInit:  - BinnedPageSize 65536
[2025.06.26-09.48.05:880][  0]LogUObjectArray: 475 objects as part of root set at end of initial load.
[2025.06.26-09.48.05:880][  0]LogUObjectArray: 0 objects are not in the root set, but can never be destroyed because they are in the DisregardForGC set.
[2025.06.26-09.48.05:880][  0]LogUObjectAllocator: 80416 out of 0 bytes used by permanent object pool.
[2025.06.26-09.48.05:880][  0]LogUObjectArray: CloseDisregardForGC: 475/475 objects in disregard for GC pool
[2025.06.26-09.48.05:881][  0]LogInit: Using OS detected language (ca-ES).
[2025.06.26-09.48.05:881][  0]LogInit: Using OS detected locale (ca-ES).
[2025.06.26-09.48.05:881][  0]LogTextLocalizationManager: No localization for 'ca-ES' exists, so 'en' will be used for the language.
[2025.06.26-09.48.05:881][  0]LogTextLocalizationManager: No localization for 'ca-ES' exists, so 'en' will be used for the locale.
[2025.06.26-09.48.05:938][  0]LogInit: Using OS detected language (ca-ES).
[2025.06.26-09.48.05:938][  0]LogInit: Using OS detected locale (ca-ES).
[2025.06.26-09.48.05:938][  0]LogTextLocalizationManager: No localization for 'ca-ES' exists, so 'en' will be used for the language.
[2025.06.26-09.48.05:938][  0]LogTextLocalizationManager: No localization for 'ca-ES' exists, so 'en' will be used for the locale.
[2025.06.26-09.48.05:938][  0]LogPackageLocalizationCache: Processed 2 localized package path(s) for 1 prioritized culture(s) in 0.000059 seconds
[2025.06.26-09.48.05:954][  0]LogInit: Using libcurl 8.4.0
[2025.06.26-09.48.05:954][  0]LogInit:  - built for x86_64-unknown-linux-gnu
[2025.06.26-09.48.05:954][  0]LogInit:  - supports SSL with OpenSSL/1.1.1t
[2025.06.26-09.48.05:954][  0]LogInit:  - supports HTTP deflate (compression) using libz 1.3
[2025.06.26-09.48.05:954][  0]LogInit:  - other features:
[2025.06.26-09.48.05:954][  0]LogInit:      CURL_VERSION_SSL
[2025.06.26-09.48.05:954][  0]LogInit:      CURL_VERSION_LIBZ
[2025.06.26-09.48.05:954][  0]LogInit:      CURL_VERSION_IPV6
[2025.06.26-09.48.05:954][  0]LogInit:      CURL_VERSION_ASYNCHDNS
[2025.06.26-09.48.05:954][  0]LogInit:      CURL_VERSION_LARGEFILE
[2025.06.26-09.48.05:954][  0]LogInit:      CURL_VERSION_TLSAUTH_SRP
[2025.06.26-09.48.05:954][  0]LogInit:  CurlRequestOptions (configurable via config and command line):
[2025.06.26-09.48.05:954][  0]LogInit:  - bVerifyPeer = false  - Libcurl will NOT verify peer certificate
[2025.06.26-09.48.05:954][  0]LogInit:  - bUseHttpProxy = false  - Libcurl will NOT use HTTP proxy
[2025.06.26-09.48.05:954][  0]LogInit:  - bDontReuseConnections = false  - Libcurl will reuse connections
[2025.06.26-09.48.05:954][  0]LogInit:  - MaxHostConnections = 16  - Libcurl will limit the number of connections to a host
[2025.06.26-09.48.05:954][  0]LogInit:  - LocalHostAddr = Default
[2025.06.26-09.48.05:954][  0]LogInit:  - BufferSize = 65536
[2025.06.26-09.48.05:954][  0]LogInit: CreateHttpThread using FCurlMultiPollEventLoopHttpThread
[2025.06.26-09.48.05:954][  0]LogAnalytics: Display: [CrashReporter.Release] APIServer = https://datarouter.ol.epicgames.com/datarouter/api/v1/public/data. AppVersion = ++UE5+Release-5.4-CL-35576357
[2025.06.26-09.48.05:956][  0]CrashReportCoreLog: Display: Applying project settings from '/home/xavi/Documents/GitHub/TFM_UT-HUB/PartyJungle/PartyJungle/Saved/Crashes/crashinfo-PartyJungle-pid-53299-60CE6CD1B2044D1C8FCEAC2A9E60187A/CrashReportClient.ini'.
[2025.06.26-09.48.05:956][  0]CrashReportCoreLog: CrashReportClientVersion=1.0
[2025.06.26-09.48.05:956][  0]CrashReportCoreLog: CrashReportReceiver disabled
[2025.06.26-09.48.05:956][  0]CrashReportCoreLog: DataRouterUrl: https://datarouter.ol.epicgames.com/datarouter/api/v1/public/data
[2025.06.26-09.48.05:956][  0]LogInit: Initializing SDL.
[2025.06.26-09.48.06:083][  0]LogInit: Initialized SDL 2.24.0 revision:  (compiled against 2.24.0)
[2025.06.26-09.48.06:083][  0]LogInit: Using SDL video driver 'x11'
[2025.06.26-09.48.06:086][  0]LogSlate: New Slate User Created. Platform User Id 0, User Index 0, Is Virtual User: 0
[2025.06.26-09.48.06:086][  0]LogSlate: Slate User Registered.  User Index 0, Is Virtual User: 0
[2025.06.26-09.48.06:087][  0]LogSlate: Using FreeType 2.10.0
[2025.06.26-09.48.06:088][  0]LogSlate: SlateFontServices - WITH_FREETYPE: 1, WITH_HARFBUZZ: 1
[2025.06.26-09.48.06:088][  0]LogInit: Using SDL_WINDOW_OPENGL
[2025.06.26-09.48.06:153][  0]LogInit: FSlateOpenGLContext::Initialize - creating OpenGL 2.1 context
[2025.06.26-09.48.06:178][  0]LogStreaming: Warning: Failed to read file '../../../Engine/Platforms/VisionOS/Content/Editor/Slate/Launcher/Platform_VisionOS_24x.png' error.
[2025.06.26-09.48.06:178][  0]LogSlateOpenGL: Could not find file for Slate texture: [../../../Engine/Platforms/VisionOS/Content/Editor/Slate/Launcher/Platform_VisionOS_24x.png] '../../../Engine/Platforms/VisionOS/Content/Editor/Slate/Launcher/Platform_VisionOS_24x.png'
[2025.06.26-09.48.06:178][  0]LogStreaming: Warning: Failed to read file '../../../Engine/Platforms/VisionOS/Content/Editor/Slate/Launcher/Platform_VisionOS_128x.png' error.
[2025.06.26-09.48.06:178][  0]LogSlateOpenGL: Could not find file for Slate texture: [../../../Engine/Platforms/VisionOS/Content/Editor/Slate/Launcher/Platform_VisionOS_128x.png] '../../../Engine/Platforms/VisionOS/Content/Editor/Slate/Launcher/Platform_VisionOS_128x.png'
[2025.06.26-09.48.06:178][  0]LogStreaming: Warning: Failed to read file '../../../Engine/Platforms/VisionOS/Content/Editor/Slate/Launcher/Platform_VisionOS_128x.png' error.
[2025.06.26-09.48.06:178][  0]LogSlateOpenGL: Could not find file for Slate texture: [../../../Engine/Platforms/VisionOS/Content/Editor/Slate/Launcher/Platform_VisionOS_128x.png] '../../../Engine/Platforms/VisionOS/Content/Editor/Slate/Launcher/Platform_VisionOS_128x.png'
[2025.06.26-09.48.06:199][  0]CrashReportCoreLog: Initial state = Unknown UploadState value
[2025.06.26-09.48.06:200][  0]CrashReportCoreLog: Initial state = Unknown UploadState value
[2025.06.26-09.48.06:210][  0]LogInit: FSlateOpenGLContext::Initialize - creating OpenGL 2.1 context
[2025.06.26-09.48.06:216][  0]LogSlate: Took 0.000254 seconds to synchronously load lazily loaded font '../../../Engine/Content/Slate/Fonts/Roboto-Regular.ttf' (155K)
[2025.06.26-09.48.06:217][  0]LogSlate: Took 0.000133 seconds to synchronously load lazily loaded font '../../../Engine/Content/Slate/Fonts/Roboto-Bold.ttf' (160K)
[2025.06.26-09.48.06:218][  0]LogSlate: Took 0.000038 seconds to synchronously load lazily loaded font '../../../Engine/Content/Slate/Fonts/Roboto-Italic.ttf' (157K)
[2025.06.26-09.48.49:523][  0]LogInit: FSlateOpenGLContext::Initialize - creating OpenGL 2.1 context
[2025.06.26-09.48.51:232][  0]LogSlate: Request Window '' being destroyed
[2025.06.26-09.48.51:234][  0]LogSlate: Request Window 'PartyJungle Crash Reporter' being destroyed
[2025.06.26-09.48.51:234][  0]LogSlate: Window 'PartyJungle Crash Reporter' being destroyed
[2025.06.26-09.48.51:236][  0]LogCore: Engine exit requested (reason: OnRequestExit)
[2025.06.26-09.48.51:263][  0]CrashReportCoreLog: Final state (Receiver) = Ready
[2025.06.26-09.48.51:263][  0]CrashReportCoreLog: Final state (Receiver) = Unknown UploadState value
[2025.06.26-09.48.51:267][  0]LogSlate: Slate User Destroyed.  User Index 0, Is Virtual User: 0
[2025.06.26-09.48.51:267][  0]LogAnalytics: Display: [CrashReporter.Release] Destroying ET Analytics provider
[2025.06.26-09.48.51:267][  0]LogAnalytics: Display: [CrashReporter.Release] Ended ET Analytics provider session
[2025.06.26-09.48.51:267][  0]LogAnalytics: Display: [CrashReporter.Release] Destroyed ET Analytics provider
[2025.06.26-09.48.51:267][  0]LogCore: Engine exit requested (reason: CrashReportClientApp RequestExit; note: exit was already requested)
[2025.06.26-09.48.51:267][  0]LogExit: Preparing to exit.
[2025.06.26-09.48.51:294][  0]LogExit: Object subsystem successfully closed.
[2025.06.26-09.48.51:294][  0]LogHttp: Warning: [FHttpManager::Shutdown] Unbinding delegates for 1 outstanding Http Requests:
[2025.06.26-09.48.51:294][  0]LogHttp: Warning: 	verb=[POST] url=[https://datarouter.ol.epicgames.com/datarouter/api/v1/public/data?SessionID=%7B30473BAA-5B4D-4618-8CF1-E2551C7E6ACE%7D&AppID=CrashReporter.Release&AppVersion=%2B%2BUE5%2BRelease-5.4-CL-35576357&UserID=35c643f149ca4554bbf70321d2eee143-000003e8%7C%7C35c643f149ca4554bbf70321d2eee143&AppEnvironment=datacollector-binary&UploadType=eteventstream] refs=[2] status=Processing
[2025.06.26-09.48.51:294][  0]LogHttp: Warning: 	Sleeping 0.500s to wait for 1 outstanding Http Requests.
[2025.06.26-09.48.51:795][  0]LogPakFile: Destroying PakPlatformFile
[2025.06.26-09.48.51:797][  0]LogExit: Exiting.
[2025.06.26-09.48.51:797][  0]LogInit: Tearing down SDL.
[2025.06.26-09.48.51:812][  0]Log file closed, 06/26/25 11:48:51
