<<<<<<< HEAD
﻿Log file open, 01/27/26 21:42:06
=======
﻿Log file open, 01/30/26 20:11:15
>>>>>>> develop
LogICUInternationalization: OS requested locale 'ca_ES' is not supported. Using the OS requested language of 'ca-ES' as the locale.
LogICUInternationalization: ICU TimeZone Detection - Raw Offset: +1:00, Platform Override: ''
LogConfig: No local boot hotfix file found at: [/home/xavi/.config/Epic/CrashReportClient/Saved/PersistentDownloadDir/HotfixForNextBoot.txt]
LogInit: ExecutableName: CrashReportClientEditor
LogInit: Build: ++UE5+Release-5.6-CL-43139311
LogInit: Platform=Linux
LogInit: MachineId=cc702e18a90c4b1f89a8d92d3759826b-000003e8
LogInit: DeviceId=
LogInit: Engine Version: 5.6.0-43139311+++UE5+Release-5.6
LogInit: Compatible Engine Version: 5.6.0-43139311+++UE5+Release-5.6
LogInit: Net CL: 43139311
LogInit: OS: CachyOS (6.18.2-2-cachyos-deckify), CPU: AMD Ryzen 7 2700 Eight-Core Processor, GPU: NVIDIA GeForce RTX 3060 (NVIDIA UNIX Open Kernel Module for x86_64  590.48.01  Release Build  (notroot@)  Thu Dec 18 21:40:30 UTC 2025)
LogInit: Compiled (64-bit): May 31 2025 16:35:11
LogInit: Architecture: x64
LogInit: Compiled with Clang: 18.1.0rc (github.com/llvm/llvm-project 461274b81d8641eab64d494accddc81d7db8a09e)
LogInit: Build Configuration: Shipping
LogInit: Branch Name: ++UE5+Release-5.6
<<<<<<< HEAD
LogInit: Command Line:  -Abslog="/home/xavi/Documents/GitHub/TFM_UT-HUB/PartyJungle/PartyJungle/Saved/Logs/PartyJungle-CRC.log" -Unattended "/home/xavi/Documents/GitHub/TFM_UT-HUB/PartyJungle/PartyJungle/Saved/Crashes/ensureinfo-PartyJungle-pid-6140-0ABBBDC2EE534E19883C6293FD09594A/"
=======
LogInit: Command Line:  -Abslog="/home/xavi/Documents/GitHub/TFM_UT-HUB/PartyJungle/PartyJungle/Saved/Logs/PartyJungle-CRC.log" "/home/xavi/Documents/GitHub/TFM_UT-HUB/PartyJungle/PartyJungle/Saved/Crashes/crashinfo-PartyJungle-pid-5623-2B92ABEB8B7B4671993B86CE4EE1B976/"
>>>>>>> develop
LogInit: Base Directory: /home/xavi/Documents/Unreal/Engine/Binaries/Linux/
LogInit: Allocator: Mimalloc
LogInit: Installed Engine Build: 1
LogInit: This binary is optimized with LTO: no, PGO: no, instrumented for PGO data collection: no
LogInit: Presizing for max 2097152 objects, including 1 objects not considered by GC.
LogInit: Object subsystem initialized
LogConfig: Applying CVar settings from Section [ConsoleVariables] File [Engine]
<<<<<<< HEAD
[2026.01.27-20.42.06:411][  0]LogInit: Unix hardware info:
[2026.01.27-20.42.06:411][  0]LogInit:  - we are the first instance of this executable
[2026.01.27-20.42.06:411][  0]LogInit:  - this process' id (pid) is 7423, parent process' id (ppid) is 6140
[2026.01.27-20.42.06:411][  0]LogInit:  - we are not running under debugger
[2026.01.27-20.42.06:411][  0]LogInit:  - machine network name is 'Xavi-Desktop'
[2026.01.27-20.42.06:411][  0]LogInit:  - user name is 'xavi' (xavi)
[2026.01.27-20.42.06:411][  0]LogInit:  - we're logged in locally
[2026.01.27-20.42.06:411][  0]LogInit:  - we're running with rendering
[2026.01.27-20.42.06:411][  0]LogInit:  - CPU: AuthenticAMD 'AMD Ryzen 7 2700 Eight-Core Processor' (signature: 0x800F82)
[2026.01.27-20.42.06:411][  0]LogInit:  - Number of physical cores available for the process: 8
[2026.01.27-20.42.06:411][  0]LogInit:  - Number of logical cores available for the process: 16
[2026.01.27-20.42.06:411][  0]LogInit:  - GPU Brand Info: NVIDIA GeForce RTX 3060 (NVIDIA UNIX Open Kernel Module for x86_64  590.48.01  Release Build  (notroot@)  Thu Dec 18 21:40:30 UTC 2025)
[2026.01.27-20.42.06:411][  0]LogInit:  - Memory allocator used: Mimalloc
[2026.01.27-20.42.06:411][  0]LogInit:  - This is an internal build.
[2026.01.27-20.42.06:411][  0]LogCore: Skipped benchmarking clocks because the engine is running in a standalone program mode - CLOCK_MONOTONIC will be used.
[2026.01.27-20.42.06:411][  0]LogInit: Unix-specific commandline switches:
[2026.01.27-20.42.06:411][  0]LogInit:  -ansimalloc - use malloc()/free() from libc (useful for tools like valgrind and electric fence)
[2026.01.27-20.42.06:411][  0]LogInit:  -jemalloc - use jemalloc for all memory allocation
[2026.01.27-20.42.06:411][  0]LogInit:  -binnedmalloc - use binned malloc  for all memory allocation
[2026.01.27-20.42.06:411][  0]LogInit:  -filemapcachesize=NUMBER - set the size for case-sensitive file mapping cache
[2026.01.27-20.42.06:411][  0]LogInit:  -useksm - uses kernel same-page mapping (KSM) for mapped memory (OFF)
[2026.01.27-20.42.06:411][  0]LogInit:  -ksmmergeall - marks all mmap'd memory pages suitable for KSM (OFF)
[2026.01.27-20.42.06:411][  0]LogInit:  -preloadmodulesymbols - Loads the main module symbols file into memory (OFF)
[2026.01.27-20.42.06:411][  0]LogInit:  -sigdfl=SIGNAL - Allows a specific signal to be set to its default handler rather then ignoring the signal
[2026.01.27-20.42.06:411][  0]LogInit:  -crashhandlerstacksize - Allows setting crash handler stack sizes (204800)
[2026.01.27-20.42.06:411][  0]LogInit:  -noexclusivelockonwrite - disables marking files created by the engine as exclusive locked while the engine has them opened
[2026.01.27-20.42.06:411][  0]LogInit:  -httpproxy=ADDRESS:PORT - redirects HTTP requests to a proxy (only supported if compiled with libcurl)
[2026.01.27-20.42.06:411][  0]LogInit:  -reuseconn - allow libcurl to reuse HTTP connections (only matters if compiled with libcurl)
[2026.01.27-20.42.06:411][  0]LogInit:  -virtmemkb=NUMBER - sets process virtual memory (address space) limit (overrides VirtualMemoryLimitInKB value from .ini)
[2026.01.27-20.42.06:411][  0]LogInit:  -allowsyscallfilterfile=PATH_TO_FILE - sets up a system call filter allow list. any invalid syscall in this list *will* cause a crash
[2026.01.27-20.42.06:411][  0]LogInit:  - Physical RAM available (not considering process quota): 32 GB (32033 MB, 32802576 KB, 33589837824 bytes)
[2026.01.27-20.42.06:411][  0]LogInit:  - VirtualMemoryAllocator pools will grow at scale 1
[2026.01.27-20.42.06:411][  0]LogInit:  - MemoryRangeDecommit() will be a no-op (re-run with -vmapoolevict to change)
[2026.01.27-20.42.06:411][  0]LogInit:  - PageSize 4096
[2026.01.27-20.42.06:411][  0]LogInit:  - BinnedPageSize 65536
[2026.01.27-20.42.06:414][  0]LogUObjectArray: 552 objects as part of root set at end of initial load.
[2026.01.27-20.42.06:414][  0]LogUObjectArray: 0 objects are not in the root set, but can never be destroyed because they are in the DisregardForGC set.
[2026.01.27-20.42.06:414][  0]LogUObjectArray: CloseDisregardForGC: 552/552 objects in disregard for GC pool
[2026.01.27-20.42.06:415][  0]LogInit: Using OS detected language (ca-ES).
[2026.01.27-20.42.06:415][  0]LogInit: Using OS detected locale (ca-ES).
[2026.01.27-20.42.06:416][  0]LogTextLocalizationManager: No localization for 'ca-ES' exists, so 'en' will be used for the language.
[2026.01.27-20.42.06:416][  0]LogTextLocalizationManager: No localization for 'ca-ES' exists, so 'en' will be used for the locale.
[2026.01.27-20.42.06:471][  0]LogInit: Using OS detected language (ca-ES).
[2026.01.27-20.42.06:471][  0]LogInit: Using OS detected locale (ca-ES).
[2026.01.27-20.42.06:471][  0]LogTextLocalizationManager: No localization for 'ca-ES' exists, so 'en' will be used for the language.
[2026.01.27-20.42.06:471][  0]LogTextLocalizationManager: No localization for 'ca-ES' exists, so 'en' will be used for the locale.
[2026.01.27-20.42.06:471][  0]LogPackageLocalizationCache: Processed 2 localized package path(s) for 1 prioritized culture(s) in 0.000076 seconds
[2026.01.27-20.42.06:508][  0]LogInit: Using libcurl 8.12.1
[2026.01.27-20.42.06:508][  0]LogInit:  - built for x86_64-unknown-linux-gnu
[2026.01.27-20.42.06:508][  0]LogInit:  - supports SSL with OpenSSL/1.1.1t
[2026.01.27-20.42.06:508][  0]LogInit:  - supports HTTP deflate (compression) using libz 1.3
[2026.01.27-20.42.06:508][  0]LogInit:  - other features:
[2026.01.27-20.42.06:508][  0]LogInit:      CURL_VERSION_SSL
[2026.01.27-20.42.06:508][  0]LogInit:      CURL_VERSION_LIBZ
[2026.01.27-20.42.06:508][  0]LogInit:      CURL_VERSION_IPV6
[2026.01.27-20.42.06:508][  0]LogInit:      CURL_VERSION_ASYNCHDNS
[2026.01.27-20.42.06:508][  0]LogInit:      CURL_VERSION_LARGEFILE
[2026.01.27-20.42.06:508][  0]LogInit:      CURL_VERSION_TLSAUTH_SRP
[2026.01.27-20.42.06:508][  0]LogInit:      CURL_VERSION_HTTP2
[2026.01.27-20.42.06:508][  0]LogInit:  CurlRequestOptions (configurable via config and command line):
[2026.01.27-20.42.06:508][  0]LogInit:  - bVerifyPeer = false  - Libcurl will NOT verify peer certificate
[2026.01.27-20.42.06:508][  0]LogInit:  - bUseHttpProxy = false  - Libcurl will NOT use HTTP proxy
[2026.01.27-20.42.06:508][  0]LogInit:  - bDontReuseConnections = false  - Libcurl will reuse connections
[2026.01.27-20.42.06:508][  0]LogInit:  - MaxHostConnections = 16  - Libcurl will limit the number of connections to a host
[2026.01.27-20.42.06:508][  0]LogInit:  - LocalHostAddr = Default
[2026.01.27-20.42.06:508][  0]LogInit:  - BufferSize = 65536
[2026.01.27-20.42.06:508][  0]LogInit: CreateHttpThread using FCurlMultiPollEventLoopHttpThread
[2026.01.27-20.42.06:508][  0]LogInit: Creating http thread with maximum 256 concurrent requests
[2026.01.27-20.42.06:508][  0]LogAnalytics: Display: [CrashReporter.Release] AnalyticsET::StartSession ( APIServer = https://datarouter.ol.epicgames.com/datarouter/api/v1/public/data. AppVersion = ++UE5+Release-5.6-CL-43139311 )
[2026.01.27-20.42.06:510][  0]CrashReportCoreLog: Display: Applying project settings from '/home/xavi/Documents/GitHub/TFM_UT-HUB/PartyJungle/PartyJungle/Saved/Crashes/ensureinfo-PartyJungle-pid-6140-0ABBBDC2EE534E19883C6293FD09594A/CrashReportClient.ini'.
[2026.01.27-20.42.06:510][  0]CrashReportCoreLog: CrashReportClientVersion=1.0
[2026.01.27-20.42.06:510][  0]CrashReportCoreLog: CrashReportReceiver disabled
[2026.01.27-20.42.06:510][  0]CrashReportCoreLog: DataRouterUrl: https://datarouter.ol.epicgames.com/datarouter/api/v1/public/data
[2026.01.27-20.42.06:510][  0]CrashReportCoreLog: Initial state = Unknown UploadState value
[2026.01.27-20.42.06:510][  0]CrashReportCoreLog: Initial state = Unknown UploadState value
[2026.01.27-20.42.06:511][  0]LogCrashDebugHelper: DepotName: //UE5/Release-5.6
[2026.01.27-20.42.06:511][  0]LogCrashDebugHelper: BuiltFromCL: 43139311
[2026.01.27-20.42.06:511][  0]LogCrashDebugHelper: EngineVersion: 5.6.0-43139311+++UE5+Release-5.6
[2026.01.27-20.42.06:511][  0]LogCrashDebugHelper: BuildVersion: ++UE5+Release-5.6-CL-43139311
[2026.01.27-20.42.07:482][  0]CrashReportCoreLog: Got 4 pending files to upload from 'ensureinfo-PartyJungle-pid-6140-0ABBBDC2EE534E19883C6293FD09594A'
[2026.01.27-20.42.07:482][  0]CrashReportCoreLog: State change from Ready to SendingFiles
[2026.01.27-20.42.07:482][  0]CrashReportCoreLog: CompressAndSendData have 4 pending files
[2026.01.27-20.42.07:482][  0]CrashReportCoreLog: CompressAndSendData compressing 2626 bytes ('/home/xavi/Documents/GitHub/TFM_UT-HUB/PartyJungle/PartyJungle/Saved/Crashes/ensureinfo-PartyJungle-pid-6140-0ABBBDC2EE534E19883C6293FD09594A/Diagnostics.txt')
[2026.01.27-20.42.07:482][  0]CrashReportCoreLog: CompressAndSendData compressing 40770 bytes ('/home/xavi/Documents/GitHub/TFM_UT-HUB/PartyJungle/PartyJungle/Saved/Crashes/ensureinfo-PartyJungle-pid-6140-0ABBBDC2EE534E19883C6293FD09594A/CrashContext.runtime-xml')
[2026.01.27-20.42.07:482][  0]CrashReportCoreLog: CompressAndSendData compressing 451390 bytes ('/home/xavi/Documents/GitHub/TFM_UT-HUB/PartyJungle/PartyJungle/Saved/Crashes/ensureinfo-PartyJungle-pid-6140-0ABBBDC2EE534E19883C6293FD09594A/PartyJungle.log')
[2026.01.27-20.42.07:482][  0]CrashReportCoreLog: CompressAndSendData compressing 256 bytes ('/home/xavi/Documents/GitHub/TFM_UT-HUB/PartyJungle/PartyJungle/Saved/Crashes/ensureinfo-PartyJungle-pid-6140-0ABBBDC2EE534E19883C6293FD09594A/CrashReportClient.ini')
[2026.01.27-20.42.07:492][  0]CrashReportCoreLog: Sending HTTP request: https://datarouter.ol.epicgames.com/datarouter/api/v1/public/data?AppID=CrashReporter&AppVersion=5.6.0-43139311%2B%2B%2BUE5%2BRelease-5.6&AppEnvironment=Release&UploadType=crashreports&UserID=cc702e18a90c4b1f89a8d92d3759826b-000003e8%7C%7Ccc702e18a90c4b1f89a8d92d3759826b, Payload size: 53127
[2026.01.27-20.42.08:083][  0]CrashReportCoreLog: OnProcessRequestComplete(), State=SendingFiles Response=204 ConnectedSuccesfully=1
[2026.01.27-20.42.08:083][  0]CrashReportCoreLog: All uploads done
[2026.01.27-20.42.08:083][  0]CrashReportCoreLog: State change from SendingFiles to Finished
[2026.01.27-20.42.08:517][  0]CrashReportCoreLog: Final state (Receiver) = Finished
[2026.01.27-20.42.08:517][  0]CrashReportCoreLog: Final state (Receiver) = Unknown UploadState value
[2026.01.27-20.42.08:517][  0]LogAnalytics: Display: [CrashReporter.Release] AnalyticsET::EndSession
[2026.01.27-20.42.08:517][  0]LogCore: Engine exit requested (reason: CrashReportClientApp RequestExit)
[2026.01.27-20.42.08:517][  0]LogExit: Preparing to exit.
[2026.01.27-20.42.08:518][  0]LogExit: Object subsystem successfully closed.
[2026.01.27-20.42.09:019][  0]LogPakFile: Destroying PakPlatformFile
[2026.01.27-20.42.09:019][  0]LogExit: Exiting.
[2026.01.27-20.42.09:029][  0]Log file closed, 01/27/26 21:42:09
=======
[2026.01.30-19.11.15:415][  0]LogInit: Unix hardware info:
[2026.01.30-19.11.15:415][  0]LogInit:  - we are the first instance of this executable
[2026.01.30-19.11.15:415][  0]LogInit:  - this process' id (pid) is 9832, parent process' id (ppid) is 5623
[2026.01.30-19.11.15:415][  0]LogInit:  - we are not running under debugger
[2026.01.30-19.11.15:415][  0]LogInit:  - machine network name is 'Xavi-Desktop'
[2026.01.30-19.11.15:415][  0]LogInit:  - user name is 'xavi' (xavi)
[2026.01.30-19.11.15:415][  0]LogInit:  - we're logged in locally
[2026.01.30-19.11.15:415][  0]LogInit:  - we're running with rendering
[2026.01.30-19.11.15:415][  0]LogInit:  - CPU: AuthenticAMD 'AMD Ryzen 7 2700 Eight-Core Processor' (signature: 0x800F82)
[2026.01.30-19.11.15:415][  0]LogInit:  - Number of physical cores available for the process: 8
[2026.01.30-19.11.15:415][  0]LogInit:  - Number of logical cores available for the process: 16
[2026.01.30-19.11.15:415][  0]LogInit:  - GPU Brand Info: NVIDIA GeForce RTX 3060 (NVIDIA UNIX Open Kernel Module for x86_64  590.48.01  Release Build  (notroot@)  Thu Dec 18 21:40:30 UTC 2025)
[2026.01.30-19.11.15:415][  0]LogInit:  - Memory allocator used: Mimalloc
[2026.01.30-19.11.15:415][  0]LogInit:  - This is an internal build.
[2026.01.30-19.11.15:415][  0]LogCore: Skipped benchmarking clocks because the engine is running in a standalone program mode - CLOCK_MONOTONIC will be used.
[2026.01.30-19.11.15:415][  0]LogInit: Unix-specific commandline switches:
[2026.01.30-19.11.15:415][  0]LogInit:  -ansimalloc - use malloc()/free() from libc (useful for tools like valgrind and electric fence)
[2026.01.30-19.11.15:415][  0]LogInit:  -jemalloc - use jemalloc for all memory allocation
[2026.01.30-19.11.15:415][  0]LogInit:  -binnedmalloc - use binned malloc  for all memory allocation
[2026.01.30-19.11.15:415][  0]LogInit:  -filemapcachesize=NUMBER - set the size for case-sensitive file mapping cache
[2026.01.30-19.11.15:415][  0]LogInit:  -useksm - uses kernel same-page mapping (KSM) for mapped memory (OFF)
[2026.01.30-19.11.15:415][  0]LogInit:  -ksmmergeall - marks all mmap'd memory pages suitable for KSM (OFF)
[2026.01.30-19.11.15:415][  0]LogInit:  -preloadmodulesymbols - Loads the main module symbols file into memory (OFF)
[2026.01.30-19.11.15:415][  0]LogInit:  -sigdfl=SIGNAL - Allows a specific signal to be set to its default handler rather then ignoring the signal
[2026.01.30-19.11.15:415][  0]LogInit:  -crashhandlerstacksize - Allows setting crash handler stack sizes (204800)
[2026.01.30-19.11.15:415][  0]LogInit:  -noexclusivelockonwrite - disables marking files created by the engine as exclusive locked while the engine has them opened
[2026.01.30-19.11.15:415][  0]LogInit:  -httpproxy=ADDRESS:PORT - redirects HTTP requests to a proxy (only supported if compiled with libcurl)
[2026.01.30-19.11.15:415][  0]LogInit:  -reuseconn - allow libcurl to reuse HTTP connections (only matters if compiled with libcurl)
[2026.01.30-19.11.15:415][  0]LogInit:  -virtmemkb=NUMBER - sets process virtual memory (address space) limit (overrides VirtualMemoryLimitInKB value from .ini)
[2026.01.30-19.11.15:415][  0]LogInit:  -allowsyscallfilterfile=PATH_TO_FILE - sets up a system call filter allow list. any invalid syscall in this list *will* cause a crash
[2026.01.30-19.11.15:415][  0]LogInit:  - Physical RAM available (not considering process quota): 32 GB (32033 MB, 32802576 KB, 33589837824 bytes)
[2026.01.30-19.11.15:415][  0]LogInit:  - VirtualMemoryAllocator pools will grow at scale 1
[2026.01.30-19.11.15:415][  0]LogInit:  - MemoryRangeDecommit() will be a no-op (re-run with -vmapoolevict to change)
[2026.01.30-19.11.15:415][  0]LogInit:  - PageSize 4096
[2026.01.30-19.11.15:415][  0]LogInit:  - BinnedPageSize 65536
[2026.01.30-19.11.15:419][  0]LogUObjectArray: 552 objects as part of root set at end of initial load.
[2026.01.30-19.11.15:419][  0]LogUObjectArray: 0 objects are not in the root set, but can never be destroyed because they are in the DisregardForGC set.
[2026.01.30-19.11.15:419][  0]LogUObjectArray: CloseDisregardForGC: 552/552 objects in disregard for GC pool
[2026.01.30-19.11.15:421][  0]LogInit: Using OS detected language (ca-ES).
[2026.01.30-19.11.15:421][  0]LogInit: Using OS detected locale (ca-ES).
[2026.01.30-19.11.15:421][  0]LogTextLocalizationManager: No localization for 'ca-ES' exists, so 'en' will be used for the language.
[2026.01.30-19.11.15:421][  0]LogTextLocalizationManager: No localization for 'ca-ES' exists, so 'en' will be used for the locale.
[2026.01.30-19.11.15:533][  0]LogInit: Using OS detected language (ca-ES).
[2026.01.30-19.11.15:533][  0]LogInit: Using OS detected locale (ca-ES).
[2026.01.30-19.11.15:533][  0]LogTextLocalizationManager: No localization for 'ca-ES' exists, so 'en' will be used for the language.
[2026.01.30-19.11.15:533][  0]LogTextLocalizationManager: No localization for 'ca-ES' exists, so 'en' will be used for the locale.
[2026.01.30-19.11.15:533][  0]LogPackageLocalizationCache: Processed 2 localized package path(s) for 1 prioritized culture(s) in 0.000086 seconds
[2026.01.30-19.11.15:554][  0]LogInit: Using libcurl 8.12.1
[2026.01.30-19.11.15:554][  0]LogInit:  - built for x86_64-unknown-linux-gnu
[2026.01.30-19.11.15:554][  0]LogInit:  - supports SSL with OpenSSL/1.1.1t
[2026.01.30-19.11.15:554][  0]LogInit:  - supports HTTP deflate (compression) using libz 1.3
[2026.01.30-19.11.15:554][  0]LogInit:  - other features:
[2026.01.30-19.11.15:554][  0]LogInit:      CURL_VERSION_SSL
[2026.01.30-19.11.15:554][  0]LogInit:      CURL_VERSION_LIBZ
[2026.01.30-19.11.15:554][  0]LogInit:      CURL_VERSION_IPV6
[2026.01.30-19.11.15:554][  0]LogInit:      CURL_VERSION_ASYNCHDNS
[2026.01.30-19.11.15:554][  0]LogInit:      CURL_VERSION_LARGEFILE
[2026.01.30-19.11.15:554][  0]LogInit:      CURL_VERSION_TLSAUTH_SRP
[2026.01.30-19.11.15:554][  0]LogInit:      CURL_VERSION_HTTP2
[2026.01.30-19.11.15:554][  0]LogInit:  CurlRequestOptions (configurable via config and command line):
[2026.01.30-19.11.15:554][  0]LogInit:  - bVerifyPeer = false  - Libcurl will NOT verify peer certificate
[2026.01.30-19.11.15:554][  0]LogInit:  - bUseHttpProxy = false  - Libcurl will NOT use HTTP proxy
[2026.01.30-19.11.15:554][  0]LogInit:  - bDontReuseConnections = false  - Libcurl will reuse connections
[2026.01.30-19.11.15:554][  0]LogInit:  - MaxHostConnections = 16  - Libcurl will limit the number of connections to a host
[2026.01.30-19.11.15:554][  0]LogInit:  - LocalHostAddr = Default
[2026.01.30-19.11.15:554][  0]LogInit:  - BufferSize = 65536
[2026.01.30-19.11.15:554][  0]LogInit: CreateHttpThread using FCurlMultiPollEventLoopHttpThread
[2026.01.30-19.11.15:554][  0]LogInit: Creating http thread with maximum 256 concurrent requests
[2026.01.30-19.11.15:555][  0]LogAnalytics: Display: [CrashReporter.Release] AnalyticsET::StartSession ( APIServer = https://datarouter.ol.epicgames.com/datarouter/api/v1/public/data. AppVersion = ++UE5+Release-5.6-CL-43139311 )
[2026.01.30-19.11.15:557][  0]CrashReportCoreLog: Display: Applying project settings from '/home/xavi/Documents/GitHub/TFM_UT-HUB/PartyJungle/PartyJungle/Saved/Crashes/crashinfo-PartyJungle-pid-5623-2B92ABEB8B7B4671993B86CE4EE1B976/CrashReportClient.ini'.
[2026.01.30-19.11.15:557][  0]CrashReportCoreLog: CrashReportClientVersion=1.0
[2026.01.30-19.11.15:557][  0]CrashReportCoreLog: CrashReportReceiver disabled
[2026.01.30-19.11.15:557][  0]CrashReportCoreLog: DataRouterUrl: https://datarouter.ol.epicgames.com/datarouter/api/v1/public/data
[2026.01.30-19.11.15:558][  0]LogInit: Initializing SDL.
[2026.01.30-19.11.15:793][  0]LogInit: Initialized SDL 2.30.6 revision: SDL-2.30.6-no-vcs (compiled against 2.30.6)
[2026.01.30-19.11.15:794][  0]LogInit: Using SDL video driver 'x11'
[2026.01.30-19.11.15:801][  0]LogSlate: New Slate User Created. Platform User Id 0, User Index 0, Is Virtual User: 0
[2026.01.30-19.11.15:801][  0]LogSlate: Slate User Registered.  User Index 0, Is Virtual User: 0
[2026.01.30-19.11.15:804][  0]LogSlate: Using FreeType 2.10.0
[2026.01.30-19.11.15:807][  0]LogSlate: SlateFontServices - WITH_FREETYPE: 1, WITH_HARFBUZZ: 1
[2026.01.30-19.11.15:807][  0]LogInit: Using SDL_WINDOW_OPENGL
[2026.01.30-19.11.15:946][  0]LogInit: FSlateOpenGLContext::Initialize - creating OpenGL 2.1 context
[2026.01.30-19.11.15:969][  0]LogStreaming: Warning: Failed to read file '../../../Engine/Platforms/VisionOS/Content/Editor/Slate/Launcher/Platform_VisionOS_24x.png' error.
[2026.01.30-19.11.15:969][  0]LogSlateOpenGL: Could not find file for Slate texture: [../../../Engine/Platforms/VisionOS/Content/Editor/Slate/Launcher/Platform_VisionOS_24x.png] '../../../Engine/Platforms/VisionOS/Content/Editor/Slate/Launcher/Platform_VisionOS_24x.png'
[2026.01.30-19.11.15:969][  0]LogStreaming: Warning: Failed to read file '../../../Engine/Platforms/VisionOS/Content/Editor/Slate/Launcher/Platform_VisionOS_128x.png' error.
[2026.01.30-19.11.15:969][  0]LogSlateOpenGL: Could not find file for Slate texture: [../../../Engine/Platforms/VisionOS/Content/Editor/Slate/Launcher/Platform_VisionOS_128x.png] '../../../Engine/Platforms/VisionOS/Content/Editor/Slate/Launcher/Platform_VisionOS_128x.png'
[2026.01.30-19.11.15:969][  0]LogStreaming: Warning: Failed to read file '../../../Engine/Platforms/VisionOS/Content/Editor/Slate/Launcher/Platform_VisionOS_128x.png' error.
[2026.01.30-19.11.15:969][  0]LogSlateOpenGL: Could not find file for Slate texture: [../../../Engine/Platforms/VisionOS/Content/Editor/Slate/Launcher/Platform_VisionOS_128x.png] '../../../Engine/Platforms/VisionOS/Content/Editor/Slate/Launcher/Platform_VisionOS_128x.png'
[2026.01.30-19.11.15:989][  0]CrashReportCoreLog: Initial state = Unknown UploadState value
[2026.01.30-19.11.15:989][  0]CrashReportCoreLog: Initial state = Unknown UploadState value
[2026.01.30-19.11.16:016][  0]LogInit: FSlateOpenGLContext::Initialize - creating OpenGL 2.1 context
[2026.01.30-19.11.16:026][  0]LogSlate: Took 0.001480 seconds to synchronously load lazily loaded font '../../../Engine/Content/Slate/Fonts/Roboto-Regular.ttf' (155K)
[2026.01.30-19.11.16:028][  0]LogSlate: Took 0.001123 seconds to synchronously load lazily loaded font '../../../Engine/Content/Slate/Fonts/Roboto-Bold.ttf' (160K)
[2026.01.30-19.11.16:030][  0]LogSlate: Took 0.000771 seconds to synchronously load lazily loaded font '../../../Engine/Content/Slate/Fonts/Roboto-Italic.ttf' (157K)
[2026.01.30-19.11.18:616][  0]LogSlate: Request Window 'PartyJungle Crash Reporter' being destroyed
[2026.01.30-19.11.18:616][  0]LogSlate: Window 'PartyJungle Crash Reporter' being destroyed
[2026.01.30-19.11.18:619][  0]LogCore: Engine exit requested (reason: OnRequestExit)
[2026.01.30-19.11.18:620][  0]CrashReportCoreLog: Final state (Receiver) = Ready
[2026.01.30-19.11.18:620][  0]CrashReportCoreLog: Final state (Receiver) = Unknown UploadState value
[2026.01.30-19.11.18:622][  0]LogSlate: Slate User Destroyed.  User Index 0, Is Virtual User: 0
[2026.01.30-19.11.18:622][  0]LogAnalytics: Display: [CrashReporter.Release] AnalyticsET::EndSession
[2026.01.30-19.11.18:622][  0]LogCore: Engine exit requested (reason: CrashReportClientApp RequestExit; note: exit was already requested)
[2026.01.30-19.11.18:622][  0]LogExit: Preparing to exit.
[2026.01.30-19.11.18:624][  0]LogExit: Object subsystem successfully closed.
[2026.01.30-19.11.18:624][  0]LogHttp: Warning: [FHttpManager::Shutdown] Unbinding delegates for 1 outstanding Http Requests:
[2026.01.30-19.11.18:624][  0]LogHttp: Warning: 	verb=[POST] url=[https://datarouter.ol.epicgames.com/datarouter/api/v1/public/data?SessionID=%7B240AAFEC-5842-4704-9C73-84722A8692A8%7D&AppID=CrashReporter.Release&AppVersion=%2B%2BUE5%2BRelease-5.6-CL-43139311&UserID=cc702e18a90c4b1f89a8d92d3759826b-000003e8%7C%7Ccc702e18a90c4b1f89a8d92d3759826b&AppEnvironment=datacollector-binary&UploadType=eteventstream] refs=[2] status=Processing
[2026.01.30-19.11.18:624][  0]LogHttp: Warning: 	Sleeping 0.500s to wait for 1 outstanding Http Requests.
[2026.01.30-19.11.19:126][  0]LogPakFile: Destroying PakPlatformFile
[2026.01.30-19.11.19:127][  0]LogExit: Exiting.
[2026.01.30-19.11.19:127][  0]LogInit: Tearing down SDL.
[2026.01.30-19.11.19:140][  0]Log file closed, 01/30/26 20:11:19
>>>>>>> develop
